.\.venv\Scripts\python : test_pipeline_limits_per_account_stages_without_global_shared_slots 
(test_pipeline_row_slots.PipelineRowSlotTests.test_pipeline_limits_per_account_stages_without_global_shared_slots) ... 
FAIL
At line:1 char:1
+ .\.venv\Scripts\python -m unittest discover -s backend/tests -v > tes ...
+ ~~~~~~~~~~~~~~~~~~~~~~~~~~~~~~~~~~~~~~~~~~~~~~~~~~~~~~~~~~~~~~~~~~~~~
    + CategoryInfo          : NotSpecified: (test_pipeline_l...slots) ... FAIL:String) [], RemoteException
    + FullyQualifiedErrorId : NativeCommandError
 

======================================================================
FAIL: test_pipeline_limits_per_account_stages_without_global_shared_slots 
(test_pipeline_row_slots.PipelineRowSlotTests.test_pipeline_limits_per_account_stages_without_global_shared_slots)
----------------------------------------------------------------------
Traceback (most recent call last):
  File "C:\Users\ADMIN\Desktop\Colab\backend\tests\test_pipeline_row_slots.py", line 10, in 
test_pipeline_limits_per_account_stages_without_global_shared_slots
    self.assertIn("_ACCOUNT_LIMITS", source)
AssertionError: '_ACCOUNT_LIMITS' not found in '"""backend/pipeline/runner.py ù Main pipeline runner & per-row 
worker."""\nfrom __future__ import annotations\n\nimport re\nimport tempfile\nimport threading\nimport time\nfrom 
concurrent.futures import ThreadPoolExecutor, as_completed\nfrom pathlib import Path\n\nfrom backend.auth import 
build_service\nfrom backend.pipeline.config import LogFn, PipelineConfig, PipelineResult\nfrom backend.pipeline.drive 
import (\n    download_video,\n    extract_drive_file_id,\n    get_or_create_folder,\n    upload_thumb,\n)\nfrom 
backend.pipeline.ffmpeg import extract_thumbnails\nfrom backend.pipeline.sheets import read_sheet, 
write_thumb_links\n\n\n# --- Worker ------------------------------------------------------------------\n\ndef 
_process_row(\n    task: dict,\n    config: PipelineConfig,\n    credentials,\n    log: LogFn,\n    cancel_event: 
"threading.Event | None" = None,\n) -> tuple[int, list[str] | None]:\n    row_index = task["row_index"]\n    row       
= task["row"]\n    folder_id = task["folder_id"]\n    tmp_dir   = Path(task["tmp_dir"])\n\n    prefix = f"[Row 
{row_index}]"\n\n    try:\n        # Checkpoint truoc khi bat dau\n        if cancel_event and 
cancel_event.is_set():\n            log(f"{prefix} Dung trong hang doi")\n            return row_index, None\n\n       
 video_url = row[config.video_url_col] if len(row) > config.video_url_col else ""\n        file_id   = 
extract_drive_file_id(video_url)\n        product   = row[1][:50] if len(row) > 1 else f"row_{row_index}"\n        
drive_svc = build_service(credentials, "drive", "v3")\n\n        # Checkpoint 1: truoc download\n        if 
cancel_event and cancel_event.is_set():\n            log(f"{prefix} Dung truoc download")\n            return 
row_index, None\n\n        # Download\n        video_path = tmp_dir / f"{file_id}_{row_index}.mp4"\n        try:\n     
       log(f"{prefix} Downloading... ({product})")\n            download_video(drive_svc, file_id or "", video_path, 
cancel_event)\n        except Exception as e:\n            if cancel_event and cancel_event.is_set():\n                
log(f"{prefix} Dung trong download")\n            else:\n                log(f"{prefix} Download loi: {e}")\n          
  return row_index, None\n\n        # Checkpoint 2\n        if cancel_event and cancel_event.is_set():\n            
video_path.unlink(missing_ok=True)\n            log(f"{prefix} Dung sau download")\n            return row_index, 
None\n\n        # Extract thumbnails\n        thumb_paths: list[Path] = []\n        try:\n            base = 
re.sub(r"[^\\w]", "_", f"r{row_index}_{product[:20]}")\n            thumb_paths = extract_thumbnails(config, 
video_path, tmp_dir, base)\n            log(f"{prefix} {len(thumb_paths)} thumbnails extracted")\n        except 
Exception as e:\n            log(f"{prefix} ffmpeg loi: {e}")\n            video_path.unlink(missing_ok=True)\n        
    return row_index, None\n\n        # Checkpoint 3\n        if cancel_event and cancel_event.is_set():\n            
video_path.unlink(missing_ok=True)\n            for tp in thumb_paths:\n                tp.unlink(missing_ok=True)\n   
         log(f"{prefix} Dung sau extract (khong upload)")\n            return row_index, None\n\n        def 
upload_one(path: Path) -> str:\n            # Google API (httplib2) is NOT thread-safe. Build a new service for each 
thread.\n            svc = build_service(credentials, "drive", "v3")\n            return upload_thumb(svc, path, 
folder_id)\n\n        links: list[str] = []\n        with ThreadPoolExecutor(max_workers=config.upload_workers) as 
pool:\n            futures = [pool.submit(upload_one, tp) for tp in thumb_paths]\n            for future in futures:\n 
               try:\n                    if cancel_event and cancel_event.is_set():\n                        raise 
RuntimeError("Upload cancelled")\n                    links.append(future.result())\n                except Exception 
as e:\n                    log(f"{prefix} Upload loi: {e}")\n\n        # Cleanup\n        
video_path.unlink(missing_ok=True)\n        for tp in thumb_paths:\n            tp.unlink(missing_ok=True)\n\n        
if cancel_event and cancel_event.is_set():\n            log(f"{prefix} Dung sau upload (khong ghi sheet)")\n           
 return row_index, None\n\n        if links:\n            log(f"{prefix} Uploaded {len(links)} thumbs")\n        
return row_index, links or None\n    except Exception as e:\n        log(f"{prefix} L\u1ed7i kh⌠ng mong mu\u1ed1n 
trong quß tr∞nh x\u1eed l²: {e}")\n        return row_index, None\n\n\n# --- Main pipeline 
-----------------------------------------------------------\n\ndef run_pipeline(\n    config: PipelineConfig,\n    
log: LogFn | None = None,\n    cancel_event: threading.Event | None = None,\n) -> PipelineResult:\n    """Chay 
pipeline voi 1 tai khoan (profile_id dau tien trong config)."""\n    log = log or (lambda m: None)\n    t0  = 
time.time()\n\n    # Load credentials ù chi dung 1 tai khoan\n    from backend.pipeline.credentials import 
load_single_credentials\n    creds = load_single_credentials(config, log)\n\n    sheets_svc = build_service(creds, 
"sheets", "v4")\n    drive_svc  = build_service(creds, "drive",  "v3")\n\n    log("[*] Doc sheet...")\n    folder_id = 
get_or_create_folder(drive_svc, config.drive_folder, log)\n    rows      = read_sheet(sheets_svc, config)\n    
data_rows = rows[1:]\n    tasks: list[dict] = []\n\n    for i, row in enumerate(data_rows, start=2):\n        
video_url = row[config.video_url_col] if len(row) > config.video_url_col else ""\n        existing  = 
row[config.thumb_col]     if len(row) > config.thumb_col     else ""\n\n        if not video_url or not 
video_url.startswith("http"):\n            log(f"[Row {i}] Khong co video_url, bo qua")\n        elif 
existing.strip():\n            log(f"[Row {i}] Da co thumbnail, bo qua")\n        elif not 
extract_drive_file_id(video_url):\n            log(f"[Row {i}] Khong parse duoc file_id, bo qua")\n        else:\n     
       tasks.append({"row_index": i, "row": row, "folder_id": folder_id})\n\n    log(f"\\n[*] Xu ly {len(tasks)} 
videos / {config.max_workers} luong...\\n")\n    results: dict[int, list[str] | None] = {}\n\n    with 
tempfile.TemporaryDirectory(ignore_cleanup_errors=True) as tmp_dir:\n        for task in tasks:\n            
task["tmp_dir"] = tmp_dir\n\n        with ThreadPoolExecutor(max_workers=config.max_workers) as pool:\n            
futures = []\n            for task in tasks:\n                if cancel_event and cancel_event.is_set():\n             
       log(f"[Row {task[\'row_index\']}] Bo qua - da dung")\n                    results[task["row_index"]] = None\n   
                 continue\n                futures.append(\n                    pool.submit(_process_row, task, 
config, creds, log, cancel_event)\n                )\n\n            for future in as_completed(futures):\n             
   if cancel_event and cancel_event.is_set():\n                    for f in futures:\n                        
f.cancel()\n                row_index, links = future.result()\n                if cancel_event and 
cancel_event.is_set():\n                    results[row_index] = None\n                    continue\n                
if links:\n                    write_thumb_links(sheets_svc, config, row_index, links)\n                    log(f"[Row 
{row_index}] Ghi {len(links)} links -> sheet")\n                results[row_index] = links\n\n    succeeded = sum(1 
for v in results.values() if v)\n    failed    = sum(1 for v in results.values() if not v)\n    elapsed   = 
time.time() - t0\n    log(f"\\n[OK] Hoan tat trong {elapsed:.1f}s")\n    log(f"   Thanh cong: {succeeded} videos")\n   
 log(f"   Loi:        {failed} videos")\n\n    return PipelineResult(\n        total_rows=len(data_rows),\n        
queued=len(tasks),\n        succeeded=succeeded,\n        failed=failed,\n        elapsed_seconds=elapsed,\n        
rows=results,\n    )\n'

----------------------------------------------------------------------
Ran 1 test in 0.001s

FAILED (failures=1)
